../Core/Src/main.c:71:6:sendString	8	static
../Core/Src/main.c:78:6:DEBUGPRINTF	152	static
../Core/Src/main.c:89:6:writeVibration	4	static
../Core/Src/main.c:103:6:setcmd_Button	16	static
../Core/Src/main.c:110:6:setcmd_LeftXY	16	static
../Core/Src/main.c:117:6:setcmd_RightXY	16	static
../Core/Src/main.c:122:6:sendCommand	8	static
../Core/Src/main.c:132:6:HAL_UART_RxCpltCallback	16	static
../Core/Src/main.c:146:6:HAL_ADC_ConvCpltCallback	24	static
../Core/Src/main.c:172:6:HAL_GPIO_EXTI_Callback	24	static
../Core/Src/main.c:187:5:main	8	static
../Core/Src/main.c:260:6:SystemClock_Config	88	static
../Core/Src/main.c:311:13:MX_ADC1_Init	24	static
../Core/Src/main.c:384:13:MX_TIM3_Init	48	static
../Core/Src/main.c:443:13:MX_USART2_UART_Init	8	static
../Core/Src/main.c:476:13:MX_USART3_UART_Init	8	static
../Core/Src/main.c:507:13:MX_DMA_Init	16	static
../Core/Src/main.c:524:13:MX_GPIO_Init	56	static
../Core/Src/main.c:626:6:Error_Handler	4	static,ignoring_inline_asm
